let
  data Bool | Bool_match where
    True : Bool
    False : Bool
in
\(x : data) (y : data) -> ifThenElse {Bool} (equalsData x y) True False