(let
  (nonrec)
  (termbind
    (strict) (vardecl idFun (all a (type) (fun a a))) (abs a (type) (lam x a x))
  )
  [
    { idFun (con integer) }
    [
      [ { idFun (fun (con integer) (con integer)) } { idFun (con integer) } ]
      (con integer 3)
    ]
  ]
)