    n     Script size             CPU usage               Memory usage
  ----------------------------------------------------------------------
    0     451   (2.8%)         5378576   (0.1%)           20358   (0.1%) 
   10    2178  (13.3%)       728501616   (7.3%)          509548   (3.6%) 
   20    3905  (23.8%)      1451624656  (14.5%)          998738   (7.1%) 
   30    5632  (34.4%)      2174747696  (21.7%)         1487928  (10.6%) 
   40    7359  (44.9%)      2897870736  (29.0%)         1977118  (14.1%) 
   50    9085  (55.5%)      3620993776  (36.2%)         2466308  (17.6%) 
   60   10812  (66.0%)      4344116816  (43.4%)         2955498  (21.1%) 
   70   12539  (76.5%)      5067239856  (50.7%)         3444688  (24.6%) 
   80   14265  (87.1%)      5790362896  (57.9%)         3933878  (28.1%) 
   90   15992  (97.6%)      6513485936  (65.1%)         4423068  (31.6%) 
  100   17719 (108.1%)      7236608976  (72.4%)         4912258  (35.1%) 
  110   19446 (118.7%)      7959732016  (79.6%)         5401448  (38.6%) 
  120   21172 (129.2%)      8682855056  (86.8%)         5890638  (42.1%) 
  130   22899 (139.8%)      9405978096  (94.1%)         6379828  (45.6%) 
  140   24626 (150.3%)     10129101136 (101.3%)         6869018  (49.1%) 
  150   26353 (160.8%)     10852224176 (108.5%)         7358208  (52.6%) 

Off-chain version succeeded on 100 inputs
